// Jest Snapshot v1, https://goo.gl/fbAQLP

exports[`Test in <CounterApp /> component should display the <CounterApp /> component correctly 1`] = `
<Fragment>
  <h1>
    CounterApp
  </h1>
  <h2
    id="counterValue"
  >
    0
  </h2>
  <button
    id="add"
    onClick={[Function]}
  >
    +1
  </button>
  <button
    id="reset"
    onClick={[Function]}
  >
    reset
  </button>
  <button
    id="subtract"
    onClick={[Function]}
  >
    -1
  </button>
</Fragment>
`;
